23 апр 2026;10:33:06.065 [main] DEBUG i.n.u.i.l.InternalLoggerFactory - Using SLF4J as the default logging framework
23 апр 2026;10:33:06.070 [main] DEBUG i.n.u.i.InternalThreadLocalMap - -Dio.netty.threadLocalMap.stringBuilder.initialSize: 1024
23 апр 2026;10:33:06.070 [main] DEBUG i.n.u.i.InternalThreadLocalMap - -Dio.netty.threadLocalMap.stringBuilder.maxSize: 4096
23 апр 2026;10:33:06.089 [main] DEBUG i.n.util.internal.PlatformDependent0 - -Dio.netty.noUnsafe: false
23 апр 2026;10:33:06.090 [main] DEBUG i.n.util.internal.PlatformDependent0 - Java version: 8
23 апр 2026;10:33:06.091 [main] DEBUG i.n.util.internal.PlatformDependent0 - sun.misc.Unsafe.theUnsafe: available
23 апр 2026;10:33:06.092 [main] DEBUG i.n.util.internal.PlatformDependent0 - sun.misc.Unsafe.copyMemory: available
23 апр 2026;10:33:06.093 [main] DEBUG i.n.util.internal.PlatformDependent0 - sun.misc.Unsafe.storeFence: available
23 апр 2026;10:33:06.094 [main] DEBUG i.n.util.internal.PlatformDependent0 - java.nio.Buffer.address: available
23 апр 2026;10:33:06.094 [main] DEBUG i.n.util.internal.PlatformDependent0 - direct buffer constructor: available
23 апр 2026;10:33:06.095 [main] DEBUG i.n.util.internal.PlatformDependent0 - java.nio.Bits.unaligned: available, true
23 апр 2026;10:33:06.095 [main] DEBUG i.n.util.internal.PlatformDependent0 - jdk.internal.misc.Unsafe.allocateUninitializedArray(int): unavailable prior to Java9
23 апр 2026;10:33:06.095 [main] DEBUG i.n.util.internal.PlatformDependent0 - java.nio.DirectByteBuffer.<init>(long, int): available
23 апр 2026;10:33:06.095 [main] DEBUG i.n.util.internal.PlatformDependent - sun.misc.Unsafe: available
23 апр 2026;10:33:06.096 [main] DEBUG i.n.util.internal.PlatformDependent - -Dio.netty.tmpdir: C:\Users\psoko\AppData\Local\Temp (java.io.tmpdir)
23 апр 2026;10:33:06.096 [main] DEBUG i.n.util.internal.PlatformDependent - -Dio.netty.bitMode: 64 (sun.arch.data.model)
23 апр 2026;10:33:06.096 [main] DEBUG i.n.util.internal.PlatformDependent - Platform: Windows
23 апр 2026;10:33:06.097 [main] DEBUG i.n.util.internal.PlatformDependent - -Dio.netty.maxDirectMemory: 7628390400 bytes
23 апр 2026;10:33:06.097 [main] DEBUG i.n.util.internal.PlatformDependent - -Dio.netty.uninitializedArrayAllocationThreshold: -1
23 апр 2026;10:33:06.098 [main] DEBUG io.netty.util.internal.CleanerJava6 - java.nio.ByteBuffer.cleaner(): available
23 апр 2026;10:33:06.098 [main] DEBUG i.n.util.internal.PlatformDependent - -Dio.netty.noPreferDirect: false
23 апр 2026;10:33:06.108 [main] DEBUG io.netty.util.ResourceLeakDetector - -Dio.netty.leakDetection.level: simple
23 апр 2026;10:33:06.108 [main] DEBUG io.netty.util.ResourceLeakDetector - -Dio.netty.leakDetection.targetRecords: 4
23 апр 2026;10:33:06.110 [main] DEBUG i.n.buffer.PooledByteBufAllocator - -Dio.netty.allocator.numHeapArenas: 16
23 апр 2026;10:33:06.110 [main] DEBUG i.n.buffer.PooledByteBufAllocator - -Dio.netty.allocator.numDirectArenas: 16
23 апр 2026;10:33:06.110 [main] DEBUG i.n.buffer.PooledByteBufAllocator - -Dio.netty.allocator.pageSize: 8192
23 апр 2026;10:33:06.110 [main] DEBUG i.n.buffer.PooledByteBufAllocator - -Dio.netty.allocator.maxOrder: 9
23 апр 2026;10:33:06.110 [main] DEBUG i.n.buffer.PooledByteBufAllocator - -Dio.netty.allocator.chunkSize: 4194304
23 апр 2026;10:33:06.111 [main] DEBUG i.n.buffer.PooledByteBufAllocator - -Dio.netty.allocator.smallCacheSize: 256
23 апр 2026;10:33:06.111 [main] DEBUG i.n.buffer.PooledByteBufAllocator - -Dio.netty.allocator.normalCacheSize: 64
23 апр 2026;10:33:06.111 [main] DEBUG i.n.buffer.PooledByteBufAllocator - -Dio.netty.allocator.maxCachedBufferCapacity: 32768
23 апр 2026;10:33:06.111 [main] DEBUG i.n.buffer.PooledByteBufAllocator - -Dio.netty.allocator.cacheTrimInterval: 8192
23 апр 2026;10:33:06.111 [main] DEBUG i.n.buffer.PooledByteBufAllocator - -Dio.netty.allocator.cacheTrimIntervalMillis: 0
23 апр 2026;10:33:06.111 [main] DEBUG i.n.buffer.PooledByteBufAllocator - -Dio.netty.allocator.useCacheForAllThreads: false
23 апр 2026;10:33:06.111 [main] DEBUG i.n.buffer.PooledByteBufAllocator - -Dio.netty.allocator.maxCachedByteBuffersPerChunk: 1023
23 апр 2026;10:33:06.123 [main] DEBUG io.netty.buffer.ByteBufUtil - -Dio.netty.allocator.type: pooled
23 апр 2026;10:33:06.123 [main] DEBUG io.netty.buffer.ByteBufUtil - -Dio.netty.threadLocalDirectBufferSize: 0
23 апр 2026;10:33:06.123 [main] DEBUG io.netty.buffer.ByteBufUtil - -Dio.netty.maxThreadLocalCharBufferSize: 16384
23 апр 2026;10:33:06.557 [main] DEBUG i.n.c.MultithreadEventLoopGroup - -Dio.netty.eventLoopThreads: 16
23 апр 2026;10:33:06.589 [main] DEBUG io.netty.channel.nio.NioEventLoop - -Dio.netty.noKeySetOptimization: false
23 апр 2026;10:33:06.589 [main] DEBUG io.netty.channel.nio.NioEventLoop - -Dio.netty.selectorAutoRebuildThreshold: 512
23 апр 2026;10:33:06.601 [main] DEBUG i.n.util.internal.PlatformDependent - org.jctools-core.MpscChunkedArrayQueue: available
23 апр 2026;10:33:06.750 [main] DEBUG io.netty.handler.ssl.OpenSsl - netty-tcnative not in the classpath; OpenSslEngine will be unavailable.
23 апр 2026;10:33:06.964 [main] DEBUG io.netty.handler.ssl.JdkSslContext - Default protocols (JDK): [TLSv1.3, TLSv1.2] 
23 апр 2026;10:33:06.965 [main] DEBUG io.netty.handler.ssl.JdkSslContext - Default cipher suites (JDK): [TLS_ECDHE_ECDSA_WITH_AES_256_GCM_SHA384, TLS_ECDHE_ECDSA_WITH_AES_128_GCM_SHA256, TLS_ECDHE_RSA_WITH_AES_128_GCM_SHA256, TLS_ECDHE_RSA_WITH_AES_256_GCM_SHA384, TLS_ECDHE_RSA_WITH_AES_128_CBC_SHA, TLS_ECDHE_RSA_WITH_AES_256_CBC_SHA, TLS_RSA_WITH_AES_128_GCM_SHA256, TLS_RSA_WITH_AES_128_CBC_SHA, TLS_RSA_WITH_AES_256_CBC_SHA, TLS_AES_128_GCM_SHA256, TLS_AES_256_GCM_SHA384]
23 апр 2026;10:33:06.977 [main] DEBUG reactor.util.Loggers - Using Slf4j logging framework
23 апр 2026;10:33:07.070 [main] DEBUG reactor.core.publisher.Hooks - Hooking onEachOperator: micronaut
23 апр 2026;10:33:07.436 [main] DEBUG io.netty.channel.DefaultChannelId - -Dio.netty.processId: 45236 (auto-detected)
23 апр 2026;10:33:07.439 [main] DEBUG io.netty.util.NetUtil - -Djava.net.preferIPv4Stack: false
23 апр 2026;10:33:07.439 [main] DEBUG io.netty.util.NetUtil - -Djava.net.preferIPv6Addresses: false
23 апр 2026;10:33:07.817 [main] DEBUG io.netty.util.NetUtilInitializations - Loopback interface: lo (Software Loopback Interface 1, 127.0.0.1)
23 апр 2026;10:33:07.818 [main] DEBUG io.netty.util.NetUtil - Failed to get SOMAXCONN from sysctl and file \proc\sys\net\core\somaxconn. Default: 200
23 апр 2026;10:33:08.238 [main] DEBUG io.netty.channel.DefaultChannelId - -Dio.netty.machineId: 30:9c:23:ff:fe:02:cb:6e (auto-detected)
23 апр 2026;10:33:08.278 [default-nioEventLoopGroup-1-1] DEBUG io.netty.buffer.AbstractByteBuf - -Dio.netty.buffer.checkAccessible: true
23 апр 2026;10:33:08.278 [default-nioEventLoopGroup-1-1] DEBUG io.netty.buffer.AbstractByteBuf - -Dio.netty.buffer.checkBounds: true
23 апр 2026;10:33:08.279 [default-nioEventLoopGroup-1-1] DEBUG i.n.util.ResourceLeakDetectorFactory - Loaded default ResourceLeakDetector: io.netty.util.ResourceLeakDetector@2f926be4
23 апр 2026;10:33:08.321 [default-nioEventLoopGroup-1-1] DEBUG io.netty.util.Recycler - -Dio.netty.recycler.maxCapacityPerThread: 4096
23 апр 2026;10:33:08.321 [default-nioEventLoopGroup-1-1] DEBUG io.netty.util.Recycler - -Dio.netty.recycler.ratio: 8
23 апр 2026;10:33:08.321 [default-nioEventLoopGroup-1-1] DEBUG io.netty.util.Recycler - -Dio.netty.recycler.chunkSize: 32
23 апр 2026;10:33:08.321 [default-nioEventLoopGroup-1-1] DEBUG io.netty.util.Recycler - -Dio.netty.recycler.blocking: false
23 апр 2026;10:33:08.791 [default-nioEventLoopGroup-1-1] DEBUG i.n.handler.codec.compression.Brotli - brotli4j not in the classpath; Brotli support will be unavailable.
23 апр 2026;10:33:09.443 [main] INFO  io.micronaut.runtime.Micronaut - Startup completed in 5132ms. Server Running: http://localhost:8085
23 апр 2026;11:07:31.587 [Thread-2] INFO  io.micronaut.runtime.Micronaut - Embedded Application shutting down
23 апр 2026;11:07:31.608 [default-nioEventLoopGroup-1-14] DEBUG io.netty.buffer.PoolThreadCache - Freed 18 thread-local buffer(s) from thread: default-nioEventLoopGroup-1-14
23 апр 2026;11:07:31.608 [default-nioEventLoopGroup-1-11] DEBUG io.netty.buffer.PoolThreadCache - Freed 7 thread-local buffer(s) from thread: default-nioEventLoopGroup-1-11
23 апр 2026;11:07:31.608 [default-nioEventLoopGroup-1-15] DEBUG io.netty.buffer.PoolThreadCache - Freed 7 thread-local buffer(s) from thread: default-nioEventLoopGroup-1-15
23 апр 2026;11:07:31.608 [default-nioEventLoopGroup-1-16] DEBUG io.netty.buffer.PoolThreadCache - Freed 6 thread-local buffer(s) from thread: default-nioEventLoopGroup-1-16
23 апр 2026;11:07:31.608 [default-nioEventLoopGroup-1-2] DEBUG io.netty.buffer.PoolThreadCache - Freed 7 thread-local buffer(s) from thread: default-nioEventLoopGroup-1-2
23 апр 2026;11:07:31.608 [default-nioEventLoopGroup-1-1] DEBUG io.netty.buffer.PoolThreadCache - Freed 6 thread-local buffer(s) from thread: default-nioEventLoopGroup-1-1
23 апр 2026;11:07:31.608 [default-nioEventLoopGroup-1-9] DEBUG io.netty.buffer.PoolThreadCache - Freed 7 thread-local buffer(s) from thread: default-nioEventLoopGroup-1-9
23 апр 2026;11:07:31.608 [default-nioEventLoopGroup-1-6] DEBUG io.netty.buffer.PoolThreadCache - Freed 6 thread-local buffer(s) from thread: default-nioEventLoopGroup-1-6
23 апр 2026;11:07:31.609 [default-nioEventLoopGroup-1-8] DEBUG io.netty.buffer.PoolThreadCache - Freed 6 thread-local buffer(s) from thread: default-nioEventLoopGroup-1-8
23 апр 2026;11:07:31.608 [default-nioEventLoopGroup-1-7] DEBUG io.netty.buffer.PoolThreadCache - Freed 6 thread-local buffer(s) from thread: default-nioEventLoopGroup-1-7
23 апр 2026;11:07:31.609 [default-nioEventLoopGroup-1-4] DEBUG io.netty.buffer.PoolThreadCache - Freed 6 thread-local buffer(s) from thread: default-nioEventLoopGroup-1-4
23 апр 2026;11:07:31.608 [default-nioEventLoopGroup-1-12] DEBUG io.netty.buffer.PoolThreadCache - Freed 7 thread-local buffer(s) from thread: default-nioEventLoopGroup-1-12
23 апр 2026;11:07:31.608 [default-nioEventLoopGroup-1-17] DEBUG io.netty.buffer.PoolThreadCache - Freed 6 thread-local buffer(s) from thread: default-nioEventLoopGroup-1-17
23 апр 2026;11:07:31.609 [default-nioEventLoopGroup-1-3] DEBUG io.netty.buffer.PoolThreadCache - Freed 6 thread-local buffer(s) from thread: default-nioEventLoopGroup-1-3
23 апр 2026;11:07:31.608 [default-nioEventLoopGroup-1-10] DEBUG io.netty.buffer.PoolThreadCache - Freed 6 thread-local buffer(s) from thread: default-nioEventLoopGroup-1-10
23 апр 2026;11:07:31.609 [default-nioEventLoopGroup-1-5] DEBUG io.netty.buffer.PoolThreadCache - Freed 7 thread-local buffer(s) from thread: default-nioEventLoopGroup-1-5
23 апр 2026;11:07:31.615 [Thread-2] DEBUG reactor.core.publisher.Hooks - Reset onEachOperator: micronaut
